###############################################################################
#                                                                             #
# IAR ELF Linker V6.30.4.53288/W32 for ARM              16/Mar/2014  15:21:55 #
# Copyright 2007-2011 IAR Systems AB.                                         #
#                                                                             #
#    Output file  =  F:\刘友才 (H)\飞思卡尔\程思遥\wust4华南赛\bin\Flash\Exe\ #
#                    LQ_K60_test_pll.out                                      #
#    Map file     =  F:\刘友才 (H)\飞思卡尔\程思遥\wust4华南赛\bin\Flash\List #
#                    \LQ_K60_test_pll.map                                     #
#    Command line =  "F:\刘友才 (H)\飞思卡尔\程思遥\wust4华南赛\bin\Flash\Obj #
#                    \LCDDriver.o" "F:\刘友才 (H)\飞思卡尔\程思遥\wust4华南赛 #
#                    \bin\Flash\Obj\common.o" "F:\刘友才                      #
#                    (H)\飞思卡尔\程思遥\wust4华南赛\bin\Flash\Obj\crt0.o"    #
#                    "F:\刘友才 (H)\飞思卡尔\程思遥\wust4华南赛\bin\Flash\Obj #
#                    \gpio.o" "F:\刘友才 (H)\飞思卡尔\程思遥\wust4华南赛\bin\ #
#                    Flash\Obj\isr.o" "F:\刘友才                              #
#                    (H)\飞思卡尔\程思遥\wust4华南赛\bin\Flash\Obj\light.o"   #
#                    "F:\刘友才 (H)\飞思卡尔\程思遥\wust4华南赛\bin\Flash\Obj #
#                    \main.o" "F:\刘友才 (H)\飞思卡尔\程思遥\wust4华南赛\bin\ #
#                    Flash\Obj\start.o" "F:\刘友才                            #
#                    (H)\飞思卡尔\程思遥\wust4华南赛\bin\Flash\Obj\sysinit.o" #
#                     "F:\刘友才 (H)\飞思卡尔\程思遥\wust4华南赛\bin\Flash\Ob #
#                    j\uart.o" "F:\刘友才 (H)\飞思卡尔\程思遥\wust4华南赛\bin #
#                    \Flash\Obj\vectors.o" "F:\刘友才                         #
#                    (H)\飞思卡尔\程思遥\wust4华南赛\bin\Flash\Obj\wdog.o"    #
#                    --redirect _Printf=_PrintfFull --redirect                #
#                    _Scanf=_ScanfFull -o "F:\刘友才                          #
#                    (H)\飞思卡尔\程思遥\wust4华南赛\bin\Flash\Exe\LQ_K60_tes #
#                    t_pll.out" --map "F:\刘友才                              #
#                    (H)\飞思卡尔\程思遥\wust4华南赛\bin\Flash\List\LQ_K60_te #
#                    st_pll.map" --config "F:\刘友才                          #
#                    (H)\飞思卡尔\程思遥\wust4华南赛\src\Project_Settings\Lin #
#                    k\Pflash.icf" --semihosting --entry __iar_program_start  #
#                    --vfe                                                    #
#                                                                             #
#                                                                             #
###############################################################################

*******************************************************************************
*** RUNTIME MODEL ATTRIBUTES
***

CppFlavor       = *
__SystemLibrary = DLib


*******************************************************************************
*** PLACEMENT SUMMARY
***

"A1":  place at 0x00000000 { ro section .intvec };
"A2":  place at 0x00000410 { ro section .noinit };
"P1":  place in [from 0x00000000 to 0x00080000] { ro, block CodeRelocate };
"P2":  place in [from 0x1fff0410 to 0x20010000] {
          rw, block CodeRelocateRam, block CSTACK, block HEAP };

  Section              Kind        Address    Size  Object
  -------              ----        -------    ----  ------
"A1":                                        0x410
  .intvec              const    0x00000000   0x410  vectors.o [1]
                              - 0x00000410   0x410

"A2":                                         0x3c
  .noinit              ro code  0x00000410    0x3c  crt0.o [1]
                              - 0x0000044c    0x3c

"P1":                                       0x5f6c
  .text                ro code  0x0000044c  0x4938  main.o [1]
  .text                ro code  0x00004d84    0x24  FltCmpGe.o [4]
  .text                ro code  0x00004da8    0x32  I32ToFlt.o [4]
  .text                ro code  0x00004dda    0x22  zero_init3.o [5]
  .text                ro code  0x00004dfc    0x84  FltAdd.o [4]
  .text                ro code  0x00004e80    0x24  FltCmpLe.o [4]
  .text                ro code  0x00004ea4    0xfc  FltDiv.o [4]
  .text                ro code  0x00004fa0    0xd8  FltMul.o [4]
  .text                ro code  0x00005078    0x4e  FltToDbl.o [4]
  .text                ro code  0x000050c6     0x2  vectors.o [1]
  .text                ro code  0x000050c8    0xf0  sqrt.o [4]
  .text                ro code  0x000051b8   0x246  DblDiv.o [4]
  .text                ro code  0x00005400    0x2c  I32ToDbl.o [4]
  .text                ro code  0x0000542c   0x1a2  DblMul.o [4]
  .text                ro code  0x000055d0    0x90  DblToFlt.o [4]
  .text                ro code  0x00005660    0x1c  FltCmpEq.o [4]
  .text                ro code  0x0000567c   0x640  LCDDriver.o [1]
  .text                ro code  0x00005cbc    0xb4  common.o [1]
  .text                ro code  0x00005d70    0xe6  FltSub.o [4]
  .text                ro code  0x00005e58     0xc  iarEdom.o [5]
  .text                ro code  0x00005e64    0x44  FltToS32.o [4]
  .text                ro code  0x00005ea8     0xc  errno.o [3]
  .text                ro code  0x00005eb4     0x2  xtls.o [3]
  .rodata              const    0x00005eb8   0x228  LCDDriver.o [1]
  .text                ro code  0x000060e0    0xac  start.o [1]
  .text                ro code  0x0000618c    0x38  wdog.o [1]
  .data_init                    0x000061c4    0xa4  <Block>
    Initializer bytes  ro data  0x000061c4    0xa4  <for .data-1> (used: 0xa0)
  .text                ro code  0x00006268    0x2c  data_init3.o [5]
  .iar.init_table      const    0x00006294    0x18  - Linker created -
  .text                ro code  0x000062ac    0x16  cmain.o [5]
  .text                ro code  0x000062c2     0x4  low_level_init.o [3]
  .text                ro code  0x000062c6     0x4  exit.o [3]
  .text                ro code  0x000062cc     0xa  cexit.o [5]
  .text                ro code  0x000062d8    0x14  exit.o [6]
  .rodata              const    0x000062ec    0x10  main.o [1]
  .rodata              const    0x000062fc    0x10  main.o [1]
  .rodata              const    0x0000630c    0x10  main.o [1]
  .rodata              const    0x0000631c    0x10  main.o [1]
  .rodata              const    0x0000632c    0x10  main.o [1]
  .rodata              const    0x0000633c    0x10  main.o [1]
  .rodata              const    0x0000634c     0xc  main.o [1]
  .rodata              const    0x00006358     0xc  main.o [1]
  .rodata              const    0x00006364     0xc  main.o [1]
  .rodata              const    0x00006370     0xc  main.o [1]
  .rodata              const    0x0000637c     0xc  main.o [1]
  .rodata              const    0x00006388     0xc  main.o [1]
  .rodata              const    0x00006394     0xc  main.o [1]
  .rodata              const    0x000063a0     0xc  main.o [1]
  .text                ro code  0x000063ac     0xc  cstartup_M.o [5]
  .rodata              const    0x000063b8     0x0  bwt_init3c.o [5]
                              - 0x000063b8  0x5f6c

"P2", part 1 of 4:                            0xa0
  .data                         0x1fff0410    0xa0  <Block>
    .data-1                     0x1fff0410    0x9f  <Init block>
      .data            inited   0x1fff0410     0x1  main.o [1]
      .data            inited   0x1fff0411     0x1  main.o [1]
      .data            inited   0x1fff0412     0x1  main.o [1]
      .data            inited   0x1fff0414    0x44  main.o [1]
      .data            inited   0x1fff0458     0x1  main.o [1]
      .data            inited   0x1fff0459     0x1  main.o [1]
      .data            inited   0x1fff045a     0x1  main.o [1]
      .data            inited   0x1fff045b     0x1  main.o [1]
      .data            inited   0x1fff045c     0x1  main.o [1]
      .data            inited   0x1fff045d     0x1  main.o [1]
      .data            inited   0x1fff045e     0x1  main.o [1]
      .data            inited   0x1fff0460     0x2  main.o [1]
      .data            inited   0x1fff0462     0x2  main.o [1]
      .data            inited   0x1fff0464    0x24  main.o [1]
      .data            inited   0x1fff0488     0x1  main.o [1]
      .data            inited   0x1fff0489     0x1  main.o [1]
      .data            inited   0x1fff048a     0x2  main.o [1]
      .data            inited   0x1fff048c     0x2  main.o [1]
      .data            inited   0x1fff048e     0x2  main.o [1]
      .data            inited   0x1fff0490     0x2  main.o [1]
      .data            inited   0x1fff0492     0x2  main.o [1]
      .data            inited   0x1fff0494     0x2  main.o [1]
      .data            inited   0x1fff0496     0x2  main.o [1]
      .data            inited   0x1fff0498     0x2  main.o [1]
      .data            inited   0x1fff049a     0x2  main.o [1]
      .data            inited   0x1fff049c     0x1  main.o [1]
      .data            inited   0x1fff049e     0x2  main.o [1]
      .data            inited   0x1fff04a0     0x2  main.o [1]
      .data            inited   0x1fff04a2     0x2  main.o [1]
      .data            inited   0x1fff04a4     0x2  main.o [1]
      .data            inited   0x1fff04a8     0x4  main.o [1]
      .data            inited   0x1fff04ac     0x1  main.o [1]
      .data            inited   0x1fff04ad     0x1  main.o [1]
      .data            inited   0x1fff04ae     0x1  main.o [1]
                              - 0x1fff04b0    0xa0

"P2", part 2 of 4:                          0x5248
  .bss                          0x1fff04b0  0x5248  <Block>
    .bss               zero     0x1fff04b0  0x2860  main.o [1]
    .bss               zero     0x1fff2d10  0x2860  main.o [1]
    .bss               zero     0x1fff5570    0x44  main.o [1]
    .bss               zero     0x1fff55b4    0x44  main.o [1]
    .bss               zero     0x1fff55f8    0x44  main.o [1]
    .bss               zero     0x1fff563c    0x44  main.o [1]
    .bss               zero     0x1fff5680     0x4  main.o [1]
    .bss               zero     0x1fff5684     0x4  main.o [1]
    .bss               zero     0x1fff5688     0x4  main.o [1]
    .bss               zero     0x1fff568c     0xc  main.o [1]
    .bss               zero     0x1fff5698     0x4  main.o [1]
    .bss               zero     0x1fff569c     0x2  main.o [1]
    .bss               zero     0x1fff569e     0x2  main.o [1]
    .bss               zero     0x1fff56a0     0x2  main.o [1]
    .bss               zero     0x1fff56a2     0x2  main.o [1]
    .bss               zero     0x1fff56a4     0x2  main.o [1]
    .bss               zero     0x1fff56a6     0x2  main.o [1]
    .bss               zero     0x1fff56a8     0x2  main.o [1]
    .bss               zero     0x1fff56aa     0x2  main.o [1]
    .bss               zero     0x1fff56ac     0x2  main.o [1]
    .bss               zero     0x1fff56ae     0x2  main.o [1]
    .bss               zero     0x1fff56b0     0x2  main.o [1]
    .bss               zero     0x1fff56b2     0x2  main.o [1]
    .bss               zero     0x1fff56b4     0x2  main.o [1]
    .bss               zero     0x1fff56b6     0x2  main.o [1]
    .bss               zero     0x1fff56b8     0x2  main.o [1]
    .bss               zero     0x1fff56ba     0x2  main.o [1]
    .bss               zero     0x1fff56bc     0x2  main.o [1]
    .bss               zero     0x1fff56be     0x2  main.o [1]
    .bss               zero     0x1fff56c0     0x2  main.o [1]
    .bss               zero     0x1fff56c2     0x2  main.o [1]
    .bss               zero     0x1fff56c4     0x2  main.o [1]
    .bss               zero     0x1fff56c6     0x2  main.o [1]
    .bss               zero     0x1fff56c8     0x2  main.o [1]
    .bss               zero     0x1fff56ca     0x2  main.o [1]
    .bss               zero     0x1fff56cc     0x2  main.o [1]
    .bss               zero     0x1fff56ce     0x2  main.o [1]
    .bss               zero     0x1fff56d0     0x1  main.o [1]
    .bss               zero     0x1fff56d1     0x1  main.o [1]
    .bss               zero     0x1fff56d2     0x1  main.o [1]
    .bss               zero     0x1fff56d3     0x1  main.o [1]
    .bss               zero     0x1fff56d4     0x1  main.o [1]
    .bss               zero     0x1fff56d5     0x1  main.o [1]
    .bss               zero     0x1fff56d6     0x1  main.o [1]
    .bss               zero     0x1fff56d7     0x1  main.o [1]
    .bss               zero     0x1fff56d8     0x1  main.o [1]
    .bss               zero     0x1fff56d9     0x1  main.o [1]
    .bss               zero     0x1fff56da     0x1  main.o [1]
    .bss               zero     0x1fff56db     0x1  main.o [1]
    .bss               zero     0x1fff56dc     0x1  main.o [1]
    .bss               zero     0x1fff56dd     0x1  main.o [1]
    .bss               zero     0x1fff56de     0x1  main.o [1]
    .bss               zero     0x1fff56df     0x1  main.o [1]
    .bss               zero     0x1fff56e0     0x1  main.o [1]
    .bss               zero     0x1fff56e1     0x1  main.o [1]
    .bss               zero     0x1fff56e2     0x1  main.o [1]
    .bss               zero     0x1fff56e3     0x1  main.o [1]
    .bss               zero     0x1fff56e4     0x1  main.o [1]
    .bss               zero     0x1fff56e5     0x1  main.o [1]
    .bss               zero     0x1fff56e6     0x1  main.o [1]
    .bss               zero     0x1fff56e7     0x1  main.o [1]
    .bss               zero     0x1fff56e8     0x1  main.o [1]
    .bss               zero     0x1fff56e9     0x1  main.o [1]
    .bss               zero     0x1fff56ea     0x1  main.o [1]
    .bss               zero     0x1fff56eb     0x1  main.o [1]
    .bss               zero     0x1fff56ec     0x1  main.o [1]
    .bss               zero     0x1fff56ed     0x1  main.o [1]
    .bss               zero     0x1fff56ee     0x1  main.o [1]
    .bss               zero     0x1fff56ef     0x1  main.o [1]
    .bss               zero     0x1fff56f0     0x1  main.o [1]
    .bss               zero     0x1fff56f1     0x1  main.o [1]
    .bss               zero     0x1fff56f2     0x1  main.o [1]
    .bss               zero     0x1fff56f3     0x1  main.o [1]
    .bss               zero     0x1fff56f4     0x1  main.o [1]
    .bss               zero     0x1fff56f5     0x1  main.o [1]
    .bss               zero     0x1fff56f6     0x1  main.o [1]
                              - 0x1fff56f8  0x5248

"P2", part 3 of 4:                             0x0
  CodeRelocateRam               0x1fff56f8     0x0  <Block>

"P2", part 4 of 4:                             0x4
  __DLIB_PERTHREAD     zero     0x1fff56f8     0x4  errno.o [3]
                              - 0x1fff56fc     0x4


*******************************************************************************
*** INIT TABLE
***

          Address     Size
          -------     ----
Zero (__iar_zero_init3)
    2 destination ranges, total size 0x524b:
          0x1fff04b0  0x5247
          0x1fff56f8     0x4



*******************************************************************************
*** MODULE SUMMARY
***

    Module            ro code  ro data  rw data
    ------            -------  -------  -------
F:\刘友才 (H)\飞思卡尔\程思遥\wust4华南赛\bin\Flash\Obj: [1]
    LCDDriver.o         1 600      552
    common.o              180
    crt0.o                 60
    main.o             18 744      351   21 217
    start.o               172
    vectors.o               2    1 040
    wdog.o                 56
    -------------------------------------------
    Total:             20 814    1 943   21 217

command line: [2]
    -------------------------------------------
    Total:

dl7M_tln.a: [3]
    errno.o                12                 4
    exit.o                  4
    low_level_init.o        4
    xtls.o                  2
    -------------------------------------------
    Total:                 22                 4

m7M_tl.a: [4]
    DblDiv.o              582
    DblMul.o              418
    DblToFlt.o            144
    FltAdd.o              132
    FltCmpEq.o             28
    FltCmpGe.o             36
    FltCmpLe.o             36
    FltDiv.o              252
    FltMul.o              216
    FltSub.o              230
    FltToDbl.o             78
    FltToS32.o             68
    I32ToDbl.o             44
    I32ToFlt.o             50
    sqrt.o                240
    -------------------------------------------
    Total:              2 554

rt7M_tl.a: [5]
    bwt_init3c.o
    cexit.o                10
    cmain.o                22
    cstartup_M.o           12
    data_init3.o           44
    iarEdom.o              12
    zero_init3.o           34
    -------------------------------------------
    Total:                134

shb_l.a: [6]
    exit.o                 20
    -------------------------------------------
    Total:                 20

    Gaps                   10        2        5
    Linker created                  29
-----------------------------------------------
    Grand Total:       23 554    1 974   21 226


*******************************************************************************
*** ENTRY LIST
***

Entry                      Address    Size  Type      Object
-----                      -------    ----  ----      ------
.bss$$Base              0x1fff04b0           --   Gb  - Linker created -
.bss$$Limit             0x1fff56f8           --   Gb  - Linker created -
.data$$Base             0x1fff0410           --   Gb  - Linker created -
.data$$Limit            0x1fff04b0           --   Gb  - Linker created -
.data_init$$Base        0x000061c4           --   Gb  - Linker created -
.data_init$$Limit       0x00006268           --   Gb  - Linker created -
?main                   0x000062ad          Code  Gb  cmain.o [5]
BASE_OT                 0x1fff0459     0x1  Data  Gb  main.o [1]
CodeRelocate$$Base      0x00000000           --   Gb  - Linker created -
CodeRelocate$$Limit     0x00000000           --   Gb  - Linker created -
CodeRelocateRam$$Base   0x1fff56f8           --   Gb  - Linker created -
CodeRelocateRam$$Limit  0x1fff56f8           --   Gb  - Linker created -
Control                 0x00003129   0x7c6  Code  Gb  main.o [1]
Deal_BlackEdge          0x00001d05   0x7da  Code  Gb  main.o [1]
Delay_MS                0x00003ba5     0xa  Code  Gb  main.o [1]
EXIT_Init               0x0000055d    0x48  Code  Gb  main.o [1]
F6x8                    0x00005eb8   0x228  Data  Gb  LCDDriver.o [1]
ImageReady              0x1fff56d1     0x1  Data  Gb  main.o [1]
Initial                 0x0000044d    0x4e  Code  Gb  main.o [1]
Keyscan                 0x00004095   0x20a  Code  Gb  main.o [1]
LCD_CLS                 0x00005907    0x38  Code  Gb  LCDDriver.o [1]
LCD_CLS_ROW             0x0000593f    0x3a  Code  Gb  LCDDriver.o [1]
LCD_DLY_ms              0x00005979    0x1a  Code  Gb  LCDDriver.o [1]
LCD_Fill                0x000058cb    0x3c  Code  Gb  LCDDriver.o [1]
LCD_IO_Init             0x0000567d   0x126  Code  Gb  LCDDriver.o [1]
LCD_Init                0x00005993    0xba  Code  Gb  LCDDriver.o [1]
LCD_P6x8Cha             0x00005a4d    0x3a  Code  Gb  LCDDriver.o [1]
LCD_P6x8Num             0x00005b01   0x174  Code  Gb  LCDDriver.o [1]
LCD_P6x8Str             0x00005a87    0x7a  Code  Gb  LCDDriver.o [1]
LCD_Set_Pos             0x0000589f    0x2c  Code  Gb  LCDDriver.o [1]
LCD_WrCmd               0x00005825    0x7a  Code  Gb  LCDDriver.o [1]
LCD_WrDat               0x000057a5    0x7e  Code  Gb  LCDDriver.o [1]
LCD_change_value        0x000042c9   0x34a  Code  Gb  main.o [1]
LPTMR_Init              0x0000049b    0xc2  Code  Gb  main.o [1]
LineCount               0x1fff569c     0x2  Data  Gb  main.o [1]
MIN_INT                 0x00000957     0xa  Code  Gb  main.o [1]
OT                      0x1fff0458     0x1  Data  Gb  main.o [1]
OddEvenStatus           0x1fff56d0     0x1  Data  Gb  main.o [1]
PORT_Init               0x00004635    0xca  Code  Gb  main.o [1]
PTB_isr                 0x000049fd   0x25e  Code  Gb  main.o [1]
Region$$Table$$Base     0x00006294           --   Gb  - Linker created -
Region$$Table$$Limit    0x000062ac           --   Gb  - Linker created -
Row_state               0x1fff563c    0x44  Data  Gb  main.o [1]
SCI0_send_mesage        0x00003909   0x1e6  Code  Gb  main.o [1]
S_left                  0x1fff56e0     0x1  Data  Gb  main.o [1]
S_right                 0x1fff56df     0x1  Data  Gb  main.o [1]
S_straight              0x1fff56e1     0x1  Data  Gb  main.o [1]
Search_BlackEdge        0x00001175   0xb66  Code  Gb  main.o [1]
Search_WhiteBase        0x00000961   0x6f0  Code  Gb  main.o [1]
UART0_Init              0x000005a5    0xb4  Code  Gb  main.o [1]
VideoImage1             0x1fff04b0  0x2860  Data  Gb  main.o [1]
VideoImage2             0x1fff2d10  0x2860  Data  Gb  main.o [1]
VideoImageLine          0x1fff56d3     0x1  Data  Gb  main.o [1]
Videoclo_Flag           0x1fff56d2     0x1  Data  Gb  main.o [1]
WHITE_BLACK_OT          0x1fff045a     0x1  Data  Gb  main.o [1]
__BOOT_STACK_ADDRESS {Abs}
                        0x2000fff8           --   Gb  command line/config [2]
__VECTOR_RAM {Abs}      0x1fff0000           --   Gb  command line/config [2]
__VECTOR_TABLE {Abs}    0x00000000           --   Gb  command line/config [2]
__aeabi_cfcmpeq         0x00005661          Code  Gb  FltCmpEq.o [4]
__aeabi_cfcmple         0x00004e81          Code  Gb  FltCmpLe.o [4]
__aeabi_cfrcmple        0x00004d85          Code  Gb  FltCmpGe.o [4]
__aeabi_d2f             0x000055d1          Code  Gb  DblToFlt.o [4]
__aeabi_ddiv            0x000051b9          Code  Gb  DblDiv.o [4]
__aeabi_dmul            0x0000542d          Code  Gb  DblMul.o [4]
__aeabi_errno_addr      0x00005ea9     0x6  Code  Gb  errno.o [3]
__aeabi_f2d             0x00005079          Code  Gb  FltToDbl.o [4]
__aeabi_f2iz            0x00005e65          Code  Gb  FltToS32.o [4]
__aeabi_fadd            0x00004dfd          Code  Gb  FltAdd.o [4]
__aeabi_fdiv            0x00004ea5          Code  Gb  FltDiv.o [4]
__aeabi_fmul            0x00004fa1          Code  Gb  FltMul.o [4]
__aeabi_fsub            0x00005d71          Code  Gb  FltSub.o [4]
__aeabi_i2d             0x00005401          Code  Gb  I32ToDbl.o [4]
__aeabi_i2f             0x00004da9          Code  Gb  I32ToFlt.o [4]
__aeabi_ui2f            0x00004dbd          Code  Gb  I32ToFlt.o [4]
__cmain                 0x000062ad          Code  Gb  cmain.o [5]
__exit                  0x000062d9    0x14  Code  Gb  exit.o [6]
__iar_Errno             0x1fff56f8     0x4  Data  Gb  errno.o [3]
__iar_SB                0x000063b8          Data  Gb  bwt_init3c.o [5]
__iar_data_init3        0x00006269    0x2c  Code  Gb  data_init3.o [5]
__iar_dlib_perthread_access
                        0x00005eb5     0x2  Code  Gb  xtls.o [3]
__iar_edom              0x00005e59          Code  Gb  iarEdom.o [5]
__iar_fadd              0x00004e0d          Code  Gb  FltAdd.o [4]
__iar_fsub              0x00005d81          Code  Gb  FltSub.o [4]
__iar_fsubStart         0x00005d91          Code  Gb  FltSub.o [4]
__iar_program_start     0x000063ad          Code  Gb  cstartup_M.o [5]
__iar_sqrt              0x000050c9          Code  Gb  sqrt.o [4]
__iar_ui2d              0x00005415          Code  Gb  I32ToDbl.o [4]
__iar_ui2f              0x00004dc1          Code  Gb  I32ToFlt.o [4]
__iar_zero_init3        0x00004ddb    0x22  Code  Gb  zero_init3.o [5]
__low_level_init        0x000062c3     0x4  Code  Gb  low_level_init.o [3]
__startup               0x00000411          Code  Gb  crt0.o [1]
__vector_table          0x00000000   0x410  Data  Gb  vectors.o [1]
_call_main              0x000062b9          Code  Gb  cmain.o [5]
_exit                   0x000062cd          Code  Gb  cexit.o [5]
_main                   0x000062bf          Code  Gb  cmain.o [5]
add_NUM                 0x1fff56f2     0x1  Data  Gb  main.o [1]
angle                   0x1fff0494     0x2  Data  Gb  main.o [1]
bottom_whitebase        0x1fff56dc     0x1  Data  Gb  main.o [1]
bow_speed               0x1fff048c     0x2  Data  Gb  main.o [1]
car_test_run            0x1fff56ce     0x2  Data  Gb  main.o [1]
center_average          0x1fff5680     0x4  Data  Gb  main.o [1]
center_error_average    0x1fff569e     0x2  Data  Gb  main.o [1]
center_linear_average   0x1fff5684     0x4  Data  Gb  main.o [1]
center_lost_hang        0x1fff56db     0x1  Data  Gb  main.o [1]
center_white            0x1fff55f8    0x44  Data  Gb  main.o [1]
change_page             0x1fff56ee     0x1  Data  Gb  main.o [1]
check_start_stop_line   0x00002e63   0x268  Code  Gb  main.o [1]
common_startup          0x000060f1    0x74  Code  Gb  start.o [1]
control_top_whiteline   0x1fff56b8     0x2  Data  Gb  main.o [1]
current_deal_line       0x1fff56d4     0x1  Data  Gb  main.o [1]
danger_count            0x1fff56ba     0x2  Data  Gb  main.o [1]
danger_flag             0x1fff049c     0x1  Data  Gb  main.o [1]
dead_stop               0x1fff56e8     0x1  Data  Gb  main.o [1]
deal_start_line         0x1fff56d5     0x1  Data  Gb  main.o [1]
default_isr             0x000050c7     0x2  Code  Gb  vectors.o [1]
direction               0x1fff56e2     0x1  Data  Gb  main.o [1]
down_line               0x1fff56f1     0x1  Data  Gb  main.o [1]
enable_irq              0x00005cc3    0x90  Code  Gb  common.o [1]
error_servo_d           0x1fff56c2     0x2  Data  Gb  main.o [1]
error_servo_p           0x1fff56c0     0x2  Data  Gb  main.o [1]
error_servo_ref_d       0x1fff56c8     0x2  Data  Gb  main.o [1]
error_servo_ref_p       0x1fff56c6     0x2  Data  Gb  main.o [1]
exit                    0x000062c7     0x4  Code  Gb  exit.o [3]
f_abs16                 0x00000935    0x12  Code  Gb  main.o [1]
f_absf                  0x00000947    0x10  Code  Gb  main.o [1]
find_whitebase_flag     0x1fff56dd     0x1  Data  Gb  main.o [1]
full_speed_line         0x1fff56ea     0x1  Data  Gb  main.o [1]
get_line_information    0x00002505   0x796  Code  Gb  main.o [1]
get_linear_factor       0x00002c9b   0x1c8  Code  Gb  main.o [1]
get_p_errorline         0x1fff56eb     0x1  Data  Gb  main.o [1]
hang_search_start       0x1fff56d6     0x1  Data  Gb  main.o [1]
hw_FTM_init             0x00000659   0x1bc  Code  Gb  main.o [1]
key_down                0x00003fc5    0xba  Code  Gb  main.o [1]
lcd_bow_speed           0x1fff56b0     0x2  Data  Gb  main.o [1]
lcd_debug               0x1fff04ad     0x1  Data  Gb  main.o [1]
lcd_error_servo_d       0x1fff04a0     0x2  Data  Gb  main.o [1]
lcd_error_servo_p       0x1fff049e     0x2  Data  Gb  main.o [1]
lcd_line_num            0x1fff56f5     0x1  Data  Gb  main.o [1]
lcd_page_num            0x1fff04ae     0x1  Data  Gb  main.o [1]
lcd_ref_d               0x1fff04a4     0x2  Data  Gb  main.o [1]
lcd_ref_p               0x1fff04a2     0x2  Data  Gb  main.o [1]
lcd_straight_speed      0x1fff56ae     0x2  Data  Gb  main.o [1]
lcd_straight_speed_ed   0x1fff56b2     0x2  Data  Gb  main.o [1]
left_black              0x1fff5570    0x44  Data  Gb  main.o [1]
left_top_whiteline      0x1fff045c     0x1  Data  Gb  main.o [1]
left_whitebase_searchstart
                        0x1fff56d9     0x1  Data  Gb  main.o [1]
linear_factor           0x1fff5688     0x4  Data  Gb  main.o [1]
main                    0x00004745   0x1e6  Code  Gb  main.o [1]
max_speed               0x1fff0490     0x2  Data  Gb  main.o [1]
mid_angle               0x1fff0498     0x2  Data  Gb  main.o [1]
min_speed               0x1fff0492     0x2  Data  Gb  main.o [1]
mySpeedswitch           0x1fff0464    0x24  Data  Gb  main.o [1]
p_error                 0x1fff56bc     0x2  Data  Gb  main.o [1]
p_re_error              0x1fff56be     0x2  Data  Gb  main.o [1]
pllinit180M             0x00000815    0xfe  Code  Gb  main.o [1]
pre_show                0x00003baf   0x1f0  Code  Gb  main.o [1]
ramp_delay_time         0x1fff0460     0x2  Data  Gb  main.o [1]
ramp_dis_flag           0x1fff56e5     0x1  Data  Gb  main.o [1]
ramp_dis_time           0x1fff56a2     0x2  Data  Gb  main.o [1]
ramp_flag               0x1fff56e4     0x1  Data  Gb  main.o [1]
ramp_speed              0x1fff0462     0x2  Data  Gb  main.o [1]
ramp_time               0x1fff56a0     0x2  Data  Gb  main.o [1]
re_angle                0x1fff0496     0x2  Data  Gb  main.o [1]
re_control_top_whiteline
                        0x1fff049a     0x2  Data  Gb  main.o [1]
re_direction            0x1fff56e3     0x1  Data  Gb  main.o [1]
re_refer_error          0x1fff56cc     0x2  Data  Gb  main.o [1]
re_white_refer          0x1fff045e     0x1  Data  Gb  main.o [1]
re_whitepoint_end       0x1fff0412     0x1  Data  Gb  main.o [1]
re_whitepoint_start     0x1fff0411     0x1  Data  Gb  main.o [1]
redraw                  0x00003df5   0x1ba  Code  Gb  main.o [1]
redraw_control          0x1fff56f4     0x1  Data  Gb  main.o [1]
ref_his_error           0x1fff568c     0xc  Data  Gb  main.o [1]
refer_error             0x1fff56ca     0x2  Data  Gb  main.o [1]
refer_road_width        0x1fff0414    0x44  Data  Gb  main.o [1]
right_black             0x1fff55b4    0x44  Data  Gb  main.o [1]
right_top_whiteline     0x1fff045d     0x1  Data  Gb  main.o [1]
right_whitebase_searchstart
                        0x1fff56da     0x1  Data  Gb  main.o [1]
scan_boma               0x00003af9    0x8a  Code  Gb  main.o [1]
se_sub_NUM              0x1fff56ef     0x1  Data  Gb  main.o [1]
send_mes                0x1fff56e6     0x1  Data  Gb  main.o [1]
speed                   0x1fff56ac     0x2  Data  Gb  main.o [1]
speed_down_cnt          0x1fff56a8     0x2  Data  Gb  main.o [1]
speed_error             0x1fff56aa     0x2  Data  Gb  main.o [1]
speed_except            0x1fff56b6     0x2  Data  Gb  main.o [1]
speed_feedback          0x1fff56a4     0x2  Data  Gb  main.o [1]
speed_i                 0x1fff0489     0x1  Data  Gb  main.o [1]
speed_p                 0x1fff0488     0x1  Data  Gb  main.o [1]
speed_re_error          0x1fff56a6     0x2  Data  Gb  main.o [1]
speed_select            0x1fff56e9     0x1  Data  Gb  main.o [1]
sqrt                    0x000050c9          Code  Gb  sqrt.o [4]
sqrtl                   0x000050c9          Code  Gb  sqrt.o [4]
start                   0x000060e1    0x10  Code  Gb  start.o [1]
start_stop_count        0x1fff5698     0x4  Data  Gb  main.o [1]
start_stop_cs           0x1fff56ed     0x1  Data  Gb  main.o [1]
start_stop_en           0x1fff56ec     0x1  Data  Gb  main.o [1]
stop_pit_count          0x1fff04a8     0x4  Data  Gb  main.o [1]
stopflag                0x1fff56e7     0x1  Data  Gb  main.o [1]
straight_count          0x1fff56b4     0x2  Data  Gb  main.o [1]
straight_speed          0x1fff048a     0x2  Data  Gb  main.o [1]
straight_speed_ed       0x1fff048e     0x2  Data  Gb  main.o [1]
sub_NUM                 0x1fff56f3     0x1  Data  Gb  main.o [1]
test_run                0x1fff04ac     0x1  Data  Gb  main.o [1]
top_error_servo_p       0x1fff56c4     0x2  Data  Gb  main.o [1]
top_whiteline           0x1fff045b     0x1  Data  Gb  main.o [1]
uart0_isr               0x00004945    0x7a  Code  Gb  main.o [1]
up_line                 0x1fff56f0     0x1  Data  Gb  main.o [1]
wdog_disable            0x0000618d    0x16  Code  Gb  wdog.o [1]
wdog_unlock             0x000061a5    0x16  Code  Gb  wdog.o [1]
white_refer             0x1fff56de     0x1  Data  Gb  main.o [1]
whitebase_searchstart   0x1fff0410     0x1  Data  Gb  main.o [1]
whitepoint_end          0x1fff56d8     0x1  Data  Gb  main.o [1]
whitepoint_start        0x1fff56d7     0x1  Data  Gb  main.o [1]
write_vtor              0x00005cbd     0x6  Code  Gb  common.o [1]


[1] = F:\刘友才 (H)\飞思卡尔\程思遥\wust4华南赛\bin\Flash\Obj
[2] = command line
[3] = dl7M_tln.a
[4] = m7M_tl.a
[5] = rt7M_tl.a
[6] = shb_l.a

  23 554 bytes of readonly  code memory
   1 974 bytes of readonly  data memory
  21 226 bytes of readwrite data memory

Errors: none
Warnings: none
